******************************************************************************
                  MSP430 Linker PC v4.1.0                      
******************************************************************************
>> Linked Mon Dec 02 11:55:10 2013

OUTPUT FILE NAME:   <L09_life.out>
ENTRY POINT SYMBOL: "_c_int00"  address: 00008e2a


MEMORY CONFIGURATION

         name            origin    length      used     unused   attr    fill
----------------------  --------  ---------  --------  --------  ----  --------
  SFR                   00000000   00000010  00000000  00000010  RWIX
  PERIPHERALS_8BIT      00000010   000000f0  00000000  000000f0  RWIX
  PERIPHERALS_16BIT     00000100   00000100  00000000  00000100  RWIX
  RAM                   00000200   00000400  000003a2  0000005e  RWIX
  INFOD                 00001000   00000040  00000000  00000040  RWIX
  INFOC                 00001040   00000040  00000000  00000040  RWIX
  INFOB                 00001080   00000040  00000000  00000040  RWIX
  INFOA                 000010c0   00000040  00000000  00000040  RWIX
  FLASH                 00008000   00007fde  00001a58  00006586  RWIX
  INT00                 0000ffe0   00000002  00000000  00000002  RWIX
  INT01                 0000ffe2   00000002  00000000  00000002  RWIX
  INT02                 0000ffe4   00000002  00000000  00000002  RWIX
  INT03                 0000ffe6   00000002  00000002  00000000  RWIX
  INT04                 0000ffe8   00000002  00000000  00000002  RWIX
  INT05                 0000ffea   00000002  00000002  00000000  RWIX
  INT06                 0000ffec   00000002  00000002  00000000  RWIX
  INT07                 0000ffee   00000002  00000002  00000000  RWIX
  INT08                 0000fff0   00000002  00000002  00000000  RWIX
  INT09                 0000fff2   00000002  00000002  00000000  RWIX
  INT10                 0000fff4   00000002  00000002  00000000  RWIX
  INT11                 0000fff6   00000002  00000000  00000002  RWIX
  INT12                 0000fff8   00000002  00000002  00000000  RWIX
  INT13                 0000fffa   00000002  00000002  00000000  RWIX
  INT14                 0000fffc   00000002  00000002  00000000  RWIX
  RESET                 0000fffe   00000002  00000002  00000000  RWIX


SECTION ALLOCATION MAP

 output                                  attributes/
section   page    origin      length       input sections
--------  ----  ----------  ----------   ----------------
.cinit     0    00008000    00000000     UNINITIALIZED

.pinit     0    00008000    00000000     UNINITIALIZED

.bss       0    00000200    00000352     UNINITIALIZED
                  00000200    00000342     life.obj (.bss)
                  00000542    00000006     RBX430_lcd.obj (.bss)
                  00000548    00000004     rts430.lib : _lock.obj (.bss)
                  0000054c    00000004                : boot.obj (.bss)
                  00000550    00000002     RBX430-1.obj (.bss)

.data      0    00000200    00000000     UNINITIALIZED

.stack     0    000005b0    00000050     UNINITIALIZED
                  000005b0    00000002     rts430.lib : boot.obj (.stack)
                  000005b2    0000004e     --HOLE--

.text      0    00008000    00000ede     
                  00008000    00000246     RBX430_lcd.obj (.text:lcd_point)
                  00008246    00000232     RBX430_lcd.obj (.text:my_printfi)
                  00008478    00000180     life.obj (.text:main)
                  000085f8    00000146     RBX430_lcd.obj (.text:lcd_init)
                  0000873e    00000132     RBX430_lcd.obj (.text:lcd_putchar)
                  00008870    000000d4     RBX430_lcd.obj (.text:lcd_wordImage)
                  00008944    000000be     RBX430-1.obj (.text:RBX430_init)
                  00008a02    0000008c     RBX430_lcd.obj (.text:lcd_rectangle)
                  00008a8e    00000076     RBX430-1.obj (.text:ERROR2)
                  00008b04    0000005e     RBX430_lcd.obj (.text:lcd_WD)
                  00008b62    0000004c     rts430.lib : lsr16.obj (.text)
                  00008bae    0000004a     RBX430_lcd.obj (.text:lcd_WD2)
                  00008bf8    00000046     RBX430_lcd.obj (.text:DelayMs)
                  00008c3e    00000038     RBX430_lcd.obj (.text:ReadDataWord)
                  00008c76    00000034     RBX430_lcd.obj (.text:WriteDataWord)
                  00008caa    00000034     RBX430_lcd.obj (.text:lcd_set_x_y)
                  00008cde    00000030     RBX430_lcd.obj (.text:lcd_cursor)
                  00008d0e    0000002e     RBX430_lcd.obj (.text:lcd_set)
                  00008d3c    0000002c     rts430.lib : lsl16.obj (.text)
                  00008d68    00000024     RBX430_lcd.obj (.text:lcd_printf)
                  00008d8c    00000022     lifelib.obj (.text:ISR_trap)
                  00008dae    00000020     RBX430_lcd.obj (.text:ReadData)
                  00008dce    00000020     life.obj (.text:WDT_ISR)
                  00008dee    0000001e     RBX430_lcd.obj (.text:WriteCmd)
                  00008e0c    0000001e     RBX430_lcd.obj (.text:WriteData)
                  00008e2a    0000001e     rts430.lib : boot.obj (.text:_c_int00_noinit_noexit)
                  00008e48    0000001e     RBX430_lcd.obj (.text:lcd_mode)
                  00008e66    00000014     RBX430_lcd.obj (.text:lcd_backlight)
                  00008e7a    00000014     rts430.lib : mult16.obj (.text)
                  00008e8e    00000012                : lsr32.obj (.text:l_lsr)
                  00008ea0    00000012                : strlen.obj (.text:strlen)
                  00008eb2    00000010                : epilog.obj (.text)
                  00008ec2    0000000a     RBX430_lcd.obj (.text:lcd_clear)
                  00008ecc    00000008     RBX430-1.obj (.text:ADC10_ISR)
                  00008ed4    00000004     rts430.lib : pre_init.obj (.text:_system_pre_init)
                  00008ed8    00000004                : exit.obj (.text:abort)
                  00008edc    00000002                : _lock.obj (.text:_nop)

.const     0    00008ede    00000b7a     
                  00008ede    00000888     lifelib.obj (.const:life_image)
                  00009766    000001e0     RBX430_lcd.obj (.const:cs)
                  00009946    000000a2     RBX430_lcd.obj (.const:dv3)
                  000099e8    0000002c     RBX430_lcd.obj (.const:dv$3)
                  00009a14    00000014     life.obj (.const:.string)
                  00009a28    00000011     RBX430_lcd.obj (.const:lHexChar$1)
                  00009a39    00000001     --HOLE-- [fill = 0]
                  00009a3a    00000011     RBX430_lcd.obj (.const:uHexChar$2)
                  00009a4b    00000001     --HOLE-- [fill = 0]
                  00009a4c    00000006     RBX430_lcd.obj (.const:px_off)
                  00009a52    00000006     RBX430_lcd.obj (.const:px_on)

PORT2      0    0000ffe6    00000002     
                  0000ffe6    00000002     lifelib.obj (.int03)

ADC10      0    0000ffea    00000002     
                  0000ffea    00000002     RBX430-1.obj (.int05)

USCIAB0TX 
*          0    0000ffec    00000002     
                  0000ffec    00000002     lifelib.obj (.int06)

USCIAB0RX 
*          0    0000ffee    00000002     
                  0000ffee    00000002     lifelib.obj (.int07)

TIMERA1    0    0000fff0    00000002     
                  0000fff0    00000002     lifelib.obj (.int08)

TIMERA0    0    0000fff2    00000002     
                  0000fff2    00000002     lifelib.obj (.int09)

WDT        0    0000fff4    00000002     
                  0000fff4    00000002     life.obj (.int10)

TIMERB1    0    0000fff8    00000002     
                  0000fff8    00000002     lifelib.obj (.int12)

TIMERB0    0    0000fffa    00000002     
                  0000fffa    00000002     lifelib.obj (.int13)

NMI        0    0000fffc    00000002     
                  0000fffc    00000002     lifelib.obj (.int14)

.reset     0    0000fffe    00000002     
                  0000fffe    00000002     rts430.lib : boot.obj (.reset)


GLOBAL SYMBOLS: SORTED ALPHABETICALLY BY Name 

address    name
--------   ----
00000200   .bss
00000200   .data
00008000   .text
0000004a   ADC10AE0
0000004b   ADC10AE1
000001b0   ADC10CTL0
000001b2   ADC10CTL1
00000048   ADC10DTC0
00000049   ADC10DTC1
000001b4   ADC10MEM
000001bc   ADC10SA
00008ecc   ADC10_ISR
00000057   BCSCTL1
00000058   BCSCTL2
00000053   BCSCTL3
00008ed8   C$$EXIT
000010fb   CALBC1_12MHZ
000010f9   CALBC1_16MHZ
000010ff   CALBC1_1MHZ
000010fd   CALBC1_8MHZ
000010fa   CALDCO_12MHZ
000010f8   CALDCO_16MHZ
000010fe   CALDCO_1MHZ
000010fc   CALDCO_8MHZ
00000056   DCOCTL
00008a8e   ERROR2
00000128   FCTL1
0000012a   FCTL2
0000012c   FCTL3
00000000   IE1
00000001   IE2
00000002   IFG1
00000003   IFG2
00008d8c   ISR_trap
00008d3c   I_LSL
00008d64   I_LSL_1
00008d52   I_LSL_10
00008d50   I_LSL_11
00008d4e   I_LSL_12
00008d4c   I_LSL_13
00008d4a   I_LSL_14
00008d48   I_LSL_15
00008d62   I_LSL_2
00008d60   I_LSL_3
00008d5e   I_LSL_4
00008d5c   I_LSL_5
00008d5a   I_LSL_6
00008d58   I_LSL_7
00008d56   I_LSL_8
00008d54   I_LSL_9
00008b62   I_LSR
00008ba8   I_LSR_1
00008b84   I_LSR_10
00008b80   I_LSR_11
00008b7c   I_LSR_12
00008b78   I_LSR_13
00008b74   I_LSR_14
00008b70   I_LSR_15
00008ba4   I_LSR_2
00008ba0   I_LSR_3
00008b9c   I_LSR_4
00008b98   I_LSR_5
00008b94   I_LSR_6
00008b90   I_LSR_7
00008b8c   I_LSR_8
00008b88   I_LSR_9
00008e8e   L_LSR
000000c0   OA0CTL0
000000c1   OA0CTL1
000000c2   OA1CTL0
000000c3   OA1CTL1
00000022   P1DIR
00000025   P1IE
00000024   P1IES
00000023   P1IFG
00000020   P1IN
00000021   P1OUT
00000027   P1REN
00000026   P1SEL
0000002a   P2DIR
0000002d   P2IE
0000002c   P2IES
0000002b   P2IFG
00000028   P2IN
00000029   P2OUT
0000002f   P2REN
0000002e   P2SEL
0000001a   P3DIR
00000018   P3IN
00000019   P3OUT
00000010   P3REN
0000001b   P3SEL
0000001e   P4DIR
0000001c   P4IN
0000001d   P4OUT
00000011   P4REN
0000001f   P4SEL
00008944   RBX430_init
00000172   TACCR0
00000174   TACCR1
00000176   TACCR2
00000162   TACCTL0
00000164   TACCTL1
00000166   TACCTL2
00000160   TACTL
0000012e   TAIV
00000170   TAR
00000192   TBCCR0
00000194   TBCCR1
00000196   TBCCR2
00000182   TBCCTL0
00000184   TBCCTL1
00000186   TBCCTL2
00000180   TBCTL
0000011e   TBIV
00000190   TBR
0000005d   UCA0ABCTL
00000062   UCA0BR0
00000063   UCA0BR1
00000060   UCA0CTL0
00000061   UCA0CTL1
0000005f   UCA0IRRCTL
0000005e   UCA0IRTCTL
00000064   UCA0MCTL
00000066   UCA0RXBUF
00000065   UCA0STAT
00000067   UCA0TXBUF
0000006a   UCB0BR0
0000006b   UCB0BR1
00000068   UCB0CTL0
00000069   UCB0CTL1
0000006c   UCB0I2CIE
00000118   UCB0I2COA
0000011a   UCB0I2CSA
0000006e   UCB0RXBUF
0000006d   UCB0STAT
0000006f   UCB0TXBUF
00000120   WDTCTL
00008dce   WDT_ISR
00000200   WDT_Sec_Cnt
00000600   __STACK_END
00000050   __STACK_SIZE
00000001   __TI_args_main
00000001   __TI_auto_init
00000001   __TI_exit
ffffffff   __binit__
00000200   __bss__
ffffffff   __c_args__
ffffffff   __cinit__
00000200   __data__
00000200   __edata__
00000552   __end__
00008ede   __etext__
00008e7a   __mpyi
ffffffff   __pinit__
00008000   __text__
00008e2a   _c_int00
00008e2a   _c_int00_noinit_noexit
0000054c   _cleanup_ptr
0000054e   _dtors_ptr
00000548   _lock
00008edc   _nop
0000fffe   _reset_vector
000005b0   _stack
00008ed4   _system_pre_init
0000054a   _unlock
00008ed8   abort
ffffffff   binit
ffffffff   cinit
00009766   cs
00009946   dv3
00000200   edata
00000552   end
00008ede   etext
00008ebe   func_epilog_1
00008ebc   func_epilog_2
00008eba   func_epilog_3
00008eb8   func_epilog_4
00008eb6   func_epilog_5
00008eb4   func_epilog_6
00008eb2   func_epilog_7
00000550   i2c_fSCL
00008b04   lcd_WD
00008bae   lcd_WD2
00008e66   lcd_backlight
00008ec2   lcd_clear
00008cde   lcd_cursor
000085f8   lcd_init
00008e48   lcd_mode
00008000   lcd_point
00008d68   lcd_printf
0000873e   lcd_putchar
00008a02   lcd_rectangle
00008d0e   lcd_set
00008caa   lcd_set_x_y
00008870   lcd_wordImage
00000204   life
0000052e   life_cr
00008ede   life_image
00000538   life_nr
00000524   life_pr
00008478   main
ffffffff   pinit
00009a4c   px_off
00009a52   px_on
00000202   seconds
00008ea0   strlen


GLOBAL SYMBOLS: SORTED BY Symbol Address 

address    name
--------   ----
00000000   IE1
00000001   IE2
00000001   __TI_args_main
00000001   __TI_auto_init
00000001   __TI_exit
00000002   IFG1
00000003   IFG2
00000010   P3REN
00000011   P4REN
00000018   P3IN
00000019   P3OUT
0000001a   P3DIR
0000001b   P3SEL
0000001c   P4IN
0000001d   P4OUT
0000001e   P4DIR
0000001f   P4SEL
00000020   P1IN
00000021   P1OUT
00000022   P1DIR
00000023   P1IFG
00000024   P1IES
00000025   P1IE
00000026   P1SEL
00000027   P1REN
00000028   P2IN
00000029   P2OUT
0000002a   P2DIR
0000002b   P2IFG
0000002c   P2IES
0000002d   P2IE
0000002e   P2SEL
0000002f   P2REN
00000048   ADC10DTC0
00000049   ADC10DTC1
0000004a   ADC10AE0
0000004b   ADC10AE1
00000050   __STACK_SIZE
00000053   BCSCTL3
00000056   DCOCTL
00000057   BCSCTL1
00000058   BCSCTL2
0000005d   UCA0ABCTL
0000005e   UCA0IRTCTL
0000005f   UCA0IRRCTL
00000060   UCA0CTL0
00000061   UCA0CTL1
00000062   UCA0BR0
00000063   UCA0BR1
00000064   UCA0MCTL
00000065   UCA0STAT
00000066   UCA0RXBUF
00000067   UCA0TXBUF
00000068   UCB0CTL0
00000069   UCB0CTL1
0000006a   UCB0BR0
0000006b   UCB0BR1
0000006c   UCB0I2CIE
0000006d   UCB0STAT
0000006e   UCB0RXBUF
0000006f   UCB0TXBUF
000000c0   OA0CTL0
000000c1   OA0CTL1
000000c2   OA1CTL0
000000c3   OA1CTL1
00000118   UCB0I2COA
0000011a   UCB0I2CSA
0000011e   TBIV
00000120   WDTCTL
00000128   FCTL1
0000012a   FCTL2
0000012c   FCTL3
0000012e   TAIV
00000160   TACTL
00000162   TACCTL0
00000164   TACCTL1
00000166   TACCTL2
00000170   TAR
00000172   TACCR0
00000174   TACCR1
00000176   TACCR2
00000180   TBCTL
00000182   TBCCTL0
00000184   TBCCTL1
00000186   TBCCTL2
00000190   TBR
00000192   TBCCR0
00000194   TBCCR1
00000196   TBCCR2
000001b0   ADC10CTL0
000001b2   ADC10CTL1
000001b4   ADC10MEM
000001bc   ADC10SA
00000200   .bss
00000200   .data
00000200   WDT_Sec_Cnt
00000200   __bss__
00000200   __data__
00000200   __edata__
00000200   edata
00000202   seconds
00000204   life
00000524   life_pr
0000052e   life_cr
00000538   life_nr
00000548   _lock
0000054a   _unlock
0000054c   _cleanup_ptr
0000054e   _dtors_ptr
00000550   i2c_fSCL
00000552   __end__
00000552   end
000005b0   _stack
00000600   __STACK_END
000010f8   CALDCO_16MHZ
000010f9   CALBC1_16MHZ
000010fa   CALDCO_12MHZ
000010fb   CALBC1_12MHZ
000010fc   CALDCO_8MHZ
000010fd   CALBC1_8MHZ
000010fe   CALDCO_1MHZ
000010ff   CALBC1_1MHZ
00008000   .text
00008000   __text__
00008000   lcd_point
00008478   main
000085f8   lcd_init
0000873e   lcd_putchar
00008870   lcd_wordImage
00008944   RBX430_init
00008a02   lcd_rectangle
00008a8e   ERROR2
00008b04   lcd_WD
00008b62   I_LSR
00008b70   I_LSR_15
00008b74   I_LSR_14
00008b78   I_LSR_13
00008b7c   I_LSR_12
00008b80   I_LSR_11
00008b84   I_LSR_10
00008b88   I_LSR_9
00008b8c   I_LSR_8
00008b90   I_LSR_7
00008b94   I_LSR_6
00008b98   I_LSR_5
00008b9c   I_LSR_4
00008ba0   I_LSR_3
00008ba4   I_LSR_2
00008ba8   I_LSR_1
00008bae   lcd_WD2
00008caa   lcd_set_x_y
00008cde   lcd_cursor
00008d0e   lcd_set
00008d3c   I_LSL
00008d48   I_LSL_15
00008d4a   I_LSL_14
00008d4c   I_LSL_13
00008d4e   I_LSL_12
00008d50   I_LSL_11
00008d52   I_LSL_10
00008d54   I_LSL_9
00008d56   I_LSL_8
00008d58   I_LSL_7
00008d5a   I_LSL_6
00008d5c   I_LSL_5
00008d5e   I_LSL_4
00008d60   I_LSL_3
00008d62   I_LSL_2
00008d64   I_LSL_1
00008d68   lcd_printf
00008d8c   ISR_trap
00008dce   WDT_ISR
00008e2a   _c_int00
00008e2a   _c_int00_noinit_noexit
00008e48   lcd_mode
00008e66   lcd_backlight
00008e7a   __mpyi
00008e8e   L_LSR
00008ea0   strlen
00008eb2   func_epilog_7
00008eb4   func_epilog_6
00008eb6   func_epilog_5
00008eb8   func_epilog_4
00008eba   func_epilog_3
00008ebc   func_epilog_2
00008ebe   func_epilog_1
00008ec2   lcd_clear
00008ecc   ADC10_ISR
00008ed4   _system_pre_init
00008ed8   C$$EXIT
00008ed8   abort
00008edc   _nop
00008ede   __etext__
00008ede   etext
00008ede   life_image
00009766   cs
00009946   dv3
00009a4c   px_off
00009a52   px_on
0000fffe   _reset_vector
ffffffff   __binit__
ffffffff   __c_args__
ffffffff   __cinit__
ffffffff   __pinit__
ffffffff   binit
ffffffff   cinit
ffffffff   pinit

[207 symbols]
